[nocontact.paranaquecity.net/index.html]
[backblue.gif]
[fade.gif]
[index.html]
[nocontact.paranaquecity.net/vendor/jquery/jquery.min.js]
[nocontact.paranaquecity.net/vendor/bootstrap/js/bootstrap.bundle.min.js]
[nocontact.paranaquecity.net/libraries/unitegallery-master/source/unitegallery/js/ug-common-libraries.js]
[nocontact.paranaquecity.net/libraries/unitegallery-master/source/unitegallery/js/ug-functions.js]
[nocontact.paranaquecity.net/libraries/unitegallery-master/source/unitegallery/js/ug-thumbsgeneral.js]
[nocontact.paranaquecity.net/libraries/unitegallery-master/source/unitegallery/js/ug-thumbsstrip.js]
[nocontact.paranaquecity.net/libraries/unitegallery-master/source/unitegallery/js/ug-touchthumbs.js]
[nocontact.paranaquecity.net/libraries/unitegallery-master/source/unitegallery/js/ug-panelsbase.js]
[nocontact.paranaquecity.net/libraries/unitegallery-master/source/unitegallery/js/ug-strippanel.js]
[nocontact.paranaquecity.net/libraries/unitegallery-master/source/unitegallery/js/ug-gridpanel.js]
[nocontact.paranaquecity.net/libraries/unitegallery-master/source/unitegallery/js/ug-thumbsgrid.js]
[nocontact.paranaquecity.net/libraries/unitegallery-master/source/unitegallery/js/ug-tiles.js]
[nocontact.paranaquecity.net/libraries/unitegallery-master/source/unitegallery/js/ug-tiledesign.js]
[nocontact.paranaquecity.net/libraries/unitegallery-master/source/unitegallery/js/ug-avia.js]
[nocontact.paranaquecity.net/libraries/unitegallery-master/source/unitegallery/js/ug-slider.js]
[nocontact.paranaquecity.net/libraries/unitegallery-master/source/unitegallery/js/ug-sliderassets.js]
[nocontact.paranaquecity.net/libraries/unitegallery-master/source/unitegallery/js/ug-touchslider.js]
[nocontact.paranaquecity.net/libraries/unitegallery-master/source/unitegallery/js/ug-zoomslider.js]
[nocontact.paranaquecity.net/libraries/unitegallery-master/source/unitegallery/js/ug-video.js]
[nocontact.paranaquecity.net/libraries/unitegallery-master/source/unitegallery/js/ug-gallery.js]
[nocontact.paranaquecity.net/libraries/unitegallery-master/source/unitegallery/js/ug-lightbox.js]
[nocontact.paranaquecity.net/libraries/unitegallery-master/source/unitegallery/js/ug-carousel.js]
[nocontact.paranaquecity.net/libraries/unitegallery-master/source/unitegallery/js/ug-api.js]
[nocontact.paranaquecity.net/libraries/unitegallery-master/source/unitegallery/themes/default/ug-theme-default.js]
[cdnjs.cloudflare.com/ajax/libs/mediaelement/2.18.1/mediaelement.min.js]
[cdnjs.cloudflare.com/ajax/libs/mediaelement/2.18.1/mediaelementplayer.min.css]
[www.google.com/recaptcha/api6b7f.js]
[nocontact.paranaquecity.net/img/logo.png]
[nocontact.paranaquecity.net/nov.html]
[nocontact.paranaquecity.net/plate.html]
[nocontact.paranaquecity.net/download.html]
[nocontact.paranaquecity.net/faq.html]
[nocontact.paranaquecity.net/vendor/jquery-easing/jquery.easing.min.js]
[nocontact.paranaquecity.net/vendor/magnific-popup/jquery.magnific-popup.min.js]
[nocontact.paranaquecity.net/js/custom069b.js]
[nocontact.paranaquecity.net/index.html]
[nocontact.paranaquecity.net/vendor/bootstrap/css/bootstrap.min.css]
[nocontact.paranaquecity.net/vendor/font-awesome/fonts/fontawesome-webfont3e6e.eot]
[nocontact.paranaquecity.net/vendor/font-awesome/fonts/fontawesome-webfontd41d.eot]
[nocontact.paranaquecity.net/vendor/font-awesome/fonts/fontawesome-webfont3e6e.woff2]
[nocontact.paranaquecity.net/vendor/font-awesome/fonts/fontawesome-webfont3e6e.woff]
[nocontact.paranaquecity.net/vendor/font-awesome/fonts/fontawesome-webfont3e6e.ttf]
[nocontact.paranaquecity.net/vendor/font-awesome/css/font-awesome.min.css]
[nocontact.paranaquecity.net/vendor/magnific-popup/magnific-popup.css]
[nocontact.paranaquecity.net/img/paranaque-back.jpg]
[nocontact.paranaquecity.net/css/creative.css]
[nocontact.paranaquecity.net/libraries/unitegallery-master/source/unitegallery/images/loader_skype_trans.gif]
[nocontact.paranaquecity.net/libraries/unitegallery-master/source/unitegallery/images/loader-white1.gif]
[nocontact.paranaquecity.net/libraries/unitegallery-master/source/unitegallery/images/loader-black1.gif]
[nocontact.paranaquecity.net/libraries/unitegallery-master/source/unitegallery/images/loader-white2.gif]
[nocontact.paranaquecity.net/libraries/unitegallery-master/source/unitegallery/images/loader-black2.gif]
[nocontact.paranaquecity.net/libraries/unitegallery-master/source/unitegallery/images/loader-white3.gif]
[nocontact.paranaquecity.net/libraries/unitegallery-master/source/unitegallery/images/loader-black3.gif]
[nocontact.paranaquecity.net/libraries/unitegallery-master/source/unitegallery/images/loader-white4.gif]
[nocontact.paranaquecity.net/libraries/unitegallery-master/source/unitegallery/images/loader-black4.gif]
[nocontact.paranaquecity.net/libraries/unitegallery-master/source/unitegallery/images/loader-white5.gif]
[nocontact.paranaquecity.net/libraries/unitegallery-master/source/unitegallery/images/loader-black5.gif]
[nocontact.paranaquecity.net/libraries/unitegallery-master/source/unitegallery/images/loader-white6.gif]
[nocontact.paranaquecity.net/libraries/unitegallery-master/source/unitegallery/images/loader-black6.gif]
[nocontact.paranaquecity.net/libraries/unitegallery-master/source/unitegallery/images/loader-white7.gif]
[nocontact.paranaquecity.net/libraries/unitegallery-master/source/unitegallery/images/loader-black7.gif]
[nocontact.paranaquecity.net/libraries/unitegallery-master/source/unitegallery/images/play-button-square.png]
[nocontact.paranaquecity.net/libraries/unitegallery-master/source/unitegallery/images/play-button-round.png]
[nocontact.paranaquecity.net/libraries/unitegallery-master/source/unitegallery/images/button-close.png]
[nocontact.paranaquecity.net/libraries/unitegallery-master/source/unitegallery/images/loader.gif]
[nocontact.paranaquecity.net/libraries/unitegallery-master/source/unitegallery/images/loader_bright.gif]
[nocontact.paranaquecity.net/libraries/unitegallery-master/source/unitegallery/images/not_loaded.png]
[nocontact.paranaquecity.net/libraries/unitegallery-master/source/unitegallery/images/cover-grid.png]
[nocontact.paranaquecity.net/libraries/unitegallery-master/source/unitegallery/images/icon-link32.png]
[nocontact.paranaquecity.net/libraries/unitegallery-master/source/unitegallery/images/icon-zoom32.png]
[nocontact.paranaquecity.net/libraries/unitegallery-master/source/unitegallery/images/icon-play32.png]
[nocontact.paranaquecity.net/libraries/unitegallery-master/source/unitegallery/images/lightbox-arrow-left.png]
[nocontact.paranaquecity.net/libraries/unitegallery-master/source/unitegallery/images/lightbox-arrow-right.png]
[nocontact.paranaquecity.net/libraries/unitegallery-master/source/unitegallery/images/lightbox-icon-close.png]
[nocontact.paranaquecity.net/libraries/unitegallery-master/source/unitegallery/images/lightbox-icon-close-compact2.png]
[nocontact.paranaquecity.net/libraries/unitegallery-master/source/unitegallery/skins/default/slider_arrow_left.png]
[nocontact.paranaquecity.net/libraries/unitegallery-master/source/unitegallery/skins/default/slider_arrow_right.png]
[nocontact.paranaquecity.net/libraries/unitegallery-master/source/unitegallery/skins/default/slider_bullets.png]
[nocontact.paranaquecity.net/libraries/unitegallery-master/source/unitegallery/skins/default/tile_bullets_gray.png]
[nocontact.paranaquecity.net/libraries/unitegallery-master/source/unitegallery/skins/default/tile_bullets_blue.png]
[nocontact.paranaquecity.net/libraries/unitegallery-master/source/unitegallery/skins/default/tile_bullets_brown.png]
[nocontact.paranaquecity.net/libraries/unitegallery-master/source/unitegallery/skins/default/tile_bullets_green.png]
[nocontact.paranaquecity.net/libraries/unitegallery-master/source/unitegallery/skins/default/tile_bullets_red.png]
[nocontact.paranaquecity.net/libraries/unitegallery-master/source/unitegallery/skins/default/tile_button_left.png]
[nocontact.paranaquecity.net/libraries/unitegallery-master/source/unitegallery/skins/default/tile_button_right.png]
[nocontact.paranaquecity.net/libraries/unitegallery-master/source/unitegallery/skins/default/tile_button_play_pause.png]
[nocontact.paranaquecity.net/libraries/unitegallery-master/source/unitegallery/skins/default/button_playpause.png]
[nocontact.paranaquecity.net/libraries/unitegallery-master/source/unitegallery/skins/default/button_fullscreen.png]
[nocontact.paranaquecity.net/libraries/unitegallery-master/source/unitegallery/skins/default/icon_zoom_plus.png]
[nocontact.paranaquecity.net/libraries/unitegallery-master/source/unitegallery/skins/default/icon_zoom_minus.png]
[nocontact.paranaquecity.net/libraries/unitegallery-master/source/unitegallery/skins/default/icon_zoom_back.png]
[nocontact.paranaquecity.net/libraries/unitegallery-master/source/unitegallery/skins/default/arrow_grid_down.png]
[nocontact.paranaquecity.net/libraries/unitegallery-master/source/unitegallery/skins/default/arrow_grid_up.png]
[nocontact.paranaquecity.net/libraries/unitegallery-master/source/unitegallery/skins/default/grid_arrow_left.png]
[nocontact.paranaquecity.net/libraries/unitegallery-master/source/unitegallery/skins/default/grid_arrow_right.png]
[nocontact.paranaquecity.net/libraries/unitegallery-master/source/unitegallery/skins/default/arrows_strip_left.png]
[nocontact.paranaquecity.net/libraries/unitegallery-master/source/unitegallery/skins/default/arrows_strip_right.png]
[nocontact.paranaquecity.net/libraries/unitegallery-master/source/unitegallery/skins/default/arrows_strip_up.png]
[nocontact.paranaquecity.net/libraries/unitegallery-master/source/unitegallery/skins/default/arrows_strip_down.png]
[nocontact.paranaquecity.net/libraries/unitegallery-master/source/unitegallery/skins/default/grid_handle_black_left.png]
[nocontact.paranaquecity.net/libraries/unitegallery-master/source/unitegallery/skins/default/grid_handle_black_right.png]
[nocontact.paranaquecity.net/libraries/unitegallery-master/source/unitegallery/skins/default/grid_handle_black_top.png]
[nocontact.paranaquecity.net/libraries/unitegallery-master/source/unitegallery/skins/default/grid_handle_black_bottom.png]
[nocontact.paranaquecity.net/libraries/unitegallery-master/source/unitegallery/css/unite-gallery.css]
[nocontact.paranaquecity.net/css/custom.css]
[nocontact.paranaquecity.net/libraries/unitegallery-master/source/unitegallery/themes/default/images/button_fullscreen.png]
[nocontact.paranaquecity.net/libraries/unitegallery-master/source/unitegallery/themes/default/images/button_fullscreen_single.png]
[nocontact.paranaquecity.net/libraries/unitegallery-master/source/unitegallery/themes/default/images/button_playpause.png]
[nocontact.paranaquecity.net/libraries/unitegallery-master/source/unitegallery/themes/default/images/button_playpause_single.png]
[nocontact.paranaquecity.net/libraries/unitegallery-master/source/unitegallery/themes/default/images/arrow_down_up.png]
[nocontact.paranaquecity.net/libraries/unitegallery-master/source/unitegallery/themes/default/ug-theme-default.css]
[cdnjs.cloudflare.com/ajax/libs/mediaelement/2.18.1/bigplay.svg]
[cdnjs.cloudflare.com/ajax/libs/mediaelement/2.18.1/bigplay.png]
[cdnjs.cloudflare.com/ajax/libs/mediaelement/2.18.1/background.png]
[cdnjs.cloudflare.com/ajax/libs/mediaelement/2.18.1/loading.gif]
[cdnjs.cloudflare.com/ajax/libs/mediaelement/2.18.1/controls.svg]
[cdnjs.cloudflare.com/ajax/libs/mediaelement/2.18.1/controls.png]
[cdnjs.cloudflare.com/ajax/libs/mediaelement/2.18.1/jumpforward.png]
[cdnjs.cloudflare.com/ajax/libs/mediaelement/2.18.1/skipback.png]
[cdnjs.cloudflare.com/ajax/libs/mediaelement/2.18.1/mediaelementplayer.min.css]
[www.mearto.com/assets/no-image-83a2b680abc7af87cfff7777d0756fadb9f9aecd5ebda5d34f8139668e0fc842.png]
[nocontact.paranaquecity.net/nov.html]
[nocontact.paranaquecity.net/plate.html]
[nocontact.paranaquecity.net/download.html]
[nocontact.paranaquecity.net/faq.html]
[nocontact.paranaquecity.net/vendor/font-awesome/fonts/fontawesome-webfont3e6e.svg]
[cdnjs.cloudflare.com/ajax/libs/mediaelement/2.18.1/bigplay.svg]
[cdnjs.cloudflare.com/ajax/libs/mediaelement/2.18.1/controls.svg]
